../Drivers/STM32F7xx_HAL_Driver/Inc/stm32f7xx_ll_rcc.h:2010:22:LL_RCC_HSI_Enable	1
../Drivers/STM32F7xx_HAL_Driver/Inc/stm32f7xx_ll_rcc.h:2030:26:LL_RCC_HSI_IsReady	1
../Drivers/STM32F7xx_HAL_Driver/Inc/stm32f7xx_ll_rcc.h:2056:22:LL_RCC_HSI_SetCalibTrimming	1
../Drivers/STM32F7xx_HAL_Driver/Inc/stm32f7xx_ll_rcc.h:2214:22:LL_RCC_SetSysClkSource	1
../Drivers/STM32F7xx_HAL_Driver/Inc/stm32f7xx_ll_rcc.h:2227:26:LL_RCC_GetSysClkSource	1
../Drivers/STM32F7xx_HAL_Driver/Inc/stm32f7xx_ll_rcc.h:2247:22:LL_RCC_SetAHBPrescaler	1
../Drivers/STM32F7xx_HAL_Driver/Inc/stm32f7xx_ll_rcc.h:2263:22:LL_RCC_SetAPB1Prescaler	1
../Drivers/STM32F7xx_HAL_Driver/Inc/stm32f7xx_ll_rcc.h:2279:22:LL_RCC_SetAPB2Prescaler	1
../Drivers/STM32F7xx_HAL_Driver/Inc/stm32f7xx_ll_rcc.h:3132:22:LL_RCC_PLL_Enable	1
../Drivers/STM32F7xx_HAL_Driver/Inc/stm32f7xx_ll_rcc.h:3153:26:LL_RCC_PLL_IsReady	1
../Drivers/STM32F7xx_HAL_Driver/Inc/stm32f7xx_ll_rcc.h:3241:22:LL_RCC_PLL_ConfigDomain_SYS	1
../Drivers/STM32F7xx_HAL_Driver/Inc/stm32f7xx_ll_bus.h:309:22:LL_AHB1_GRP1_EnableClock	1
../Drivers/STM32F7xx_HAL_Driver/Inc/stm32f7xx_ll_system.h:891:22:LL_FLASH_SetLatency	1
../Drivers/STM32F7xx_HAL_Driver/Inc/stm32f7xx_ll_system.h:917:26:LL_FLASH_GetLatency	1
../Drivers/STM32F7xx_HAL_Driver/Inc/stm32f7xx_ll_pwr.h:273:22:LL_PWR_DisableOverDriveMode	1
../Drivers/STM32F7xx_HAL_Driver/Inc/stm32f7xx_ll_pwr.h:297:22:LL_PWR_SetRegulVoltageScaling	1
../Drivers/STM32F7xx_HAL_Driver/Inc/stm32f7xx_ll_pwr.h:868:26:LL_PWR_IsActiveFlag_VOS	1
../Drivers/STM32F7xx_HAL_Driver/Inc/stm32f7xx_ll_gpio.h:910:22:LL_GPIO_ResetOutputPin	1
../Core/Src/main.c:70:6:HAL_CAN_RxFifo0MsgPendingCallback	1
../Core/Src/main.c:81:5:main	5
../Core/Src/main.c:157:6:SystemClock_Config	7
../Core/Src/main.c:208:13:MX_CAN1_Init	2
../Core/Src/main.c:258:13:MX_GPIO_Init	1
../Core/Src/main.c:289:6:MPU_Config	1
../Core/Src/main.c:320:6:Error_Handler	1
