Archive member included to satisfy reference by file (symbol)

C:/ST/STM32CubeIDE_1.10.1/STM32CubeIDE/plugins/com.st.stm32cube.ide.mcu.externaltools.gnu-tools-for-stm32.11.3.rel1.win32_1.1.100.202309141235/tools/bin/../lib/gcc/arm-none-eabi/11.3.1/../../../../arm-none-eabi/lib/thumb/v7e-m+fp/hard\libc_nano.a(libc_a-exit.o)
                              C:/ST/STM32CubeIDE_1.10.1/STM32CubeIDE/plugins/com.st.stm32cube.ide.mcu.externaltools.gnu-tools-for-stm32.11.3.rel1.win32_1.1.100.202309141235/tools/bin/../lib/gcc/arm-none-eabi/11.3.1/../../../../arm-none-eabi/lib/thumb/v7e-m+fp/hard/crt0.o (exit)
C:/ST/STM32CubeIDE_1.10.1/STM32CubeIDE/plugins/com.st.stm32cube.ide.mcu.externaltools.gnu-tools-for-stm32.11.3.rel1.win32_1.1.100.202309141235/tools/bin/../lib/gcc/arm-none-eabi/11.3.1/../../../../arm-none-eabi/lib/thumb/v7e-m+fp/hard\libc_nano.a(libc_a-findfp.o)
                              C:/ST/STM32CubeIDE_1.10.1/STM32CubeIDE/plugins/com.st.stm32cube.ide.mcu.externaltools.gnu-tools-for-stm32.11.3.rel1.win32_1.1.100.202309141235/tools/bin/../lib/gcc/arm-none-eabi/11.3.1/../../../../arm-none-eabi/lib/thumb/v7e-m+fp/hard\libc_nano.a(libc_a-exit.o) (__stdio_exit_handler)
C:/ST/STM32CubeIDE_1.10.1/STM32CubeIDE/plugins/com.st.stm32cube.ide.mcu.externaltools.gnu-tools-for-stm32.11.3.rel1.win32_1.1.100.202309141235/tools/bin/../lib/gcc/arm-none-eabi/11.3.1/../../../../arm-none-eabi/lib/thumb/v7e-m+fp/hard\libc_nano.a(libc_a-fwalk.o)
                              C:/ST/STM32CubeIDE_1.10.1/STM32CubeIDE/plugins/com.st.stm32cube.ide.mcu.externaltools.gnu-tools-for-stm32.11.3.rel1.win32_1.1.100.202309141235/tools/bin/../lib/gcc/arm-none-eabi/11.3.1/../../../../arm-none-eabi/lib/thumb/v7e-m+fp/hard\libc_nano.a(libc_a-findfp.o) (_fwalk_sglue)
C:/ST/STM32CubeIDE_1.10.1/STM32CubeIDE/plugins/com.st.stm32cube.ide.mcu.externaltools.gnu-tools-for-stm32.11.3.rel1.win32_1.1.100.202309141235/tools/bin/../lib/gcc/arm-none-eabi/11.3.1/../../../../arm-none-eabi/lib/thumb/v7e-m+fp/hard\libc_nano.a(libc_a-stdio.o)
                              C:/ST/STM32CubeIDE_1.10.1/STM32CubeIDE/plugins/com.st.stm32cube.ide.mcu.externaltools.gnu-tools-for-stm32.11.3.rel1.win32_1.1.100.202309141235/tools/bin/../lib/gcc/arm-none-eabi/11.3.1/../../../../arm-none-eabi/lib/thumb/v7e-m+fp/hard\libc_nano.a(libc_a-findfp.o) (__sread)
C:/ST/STM32CubeIDE_1.10.1/STM32CubeIDE/plugins/com.st.stm32cube.ide.mcu.externaltools.gnu-tools-for-stm32.11.3.rel1.win32_1.1.100.202309141235/tools/bin/../lib/gcc/arm-none-eabi/11.3.1/../../../../arm-none-eabi/lib/thumb/v7e-m+fp/hard\libc_nano.a(libc_a-memset.o)
                              C:/ST/STM32CubeIDE_1.10.1/STM32CubeIDE/plugins/com.st.stm32cube.ide.mcu.externaltools.gnu-tools-for-stm32.11.3.rel1.win32_1.1.100.202309141235/tools/bin/../lib/gcc/arm-none-eabi/11.3.1/../../../../arm-none-eabi/lib/thumb/v7e-m+fp/hard/crt0.o (memset)
C:/ST/STM32CubeIDE_1.10.1/STM32CubeIDE/plugins/com.st.stm32cube.ide.mcu.externaltools.gnu-tools-for-stm32.11.3.rel1.win32_1.1.100.202309141235/tools/bin/../lib/gcc/arm-none-eabi/11.3.1/../../../../arm-none-eabi/lib/thumb/v7e-m+fp/hard\libc_nano.a(libc_a-closer.o)
                              C:/ST/STM32CubeIDE_1.10.1/STM32CubeIDE/plugins/com.st.stm32cube.ide.mcu.externaltools.gnu-tools-for-stm32.11.3.rel1.win32_1.1.100.202309141235/tools/bin/../lib/gcc/arm-none-eabi/11.3.1/../../../../arm-none-eabi/lib/thumb/v7e-m+fp/hard\libc_nano.a(libc_a-stdio.o) (_close_r)
C:/ST/STM32CubeIDE_1.10.1/STM32CubeIDE/plugins/com.st.stm32cube.ide.mcu.externaltools.gnu-tools-for-stm32.11.3.rel1.win32_1.1.100.202309141235/tools/bin/../lib/gcc/arm-none-eabi/11.3.1/../../../../arm-none-eabi/lib/thumb/v7e-m+fp/hard\libc_nano.a(libc_a-reent.o)
                              C:/ST/STM32CubeIDE_1.10.1/STM32CubeIDE/plugins/com.st.stm32cube.ide.mcu.externaltools.gnu-tools-for-stm32.11.3.rel1.win32_1.1.100.202309141235/tools/bin/../lib/gcc/arm-none-eabi/11.3.1/../../../../arm-none-eabi/lib/thumb/v7e-m+fp/hard\libc_nano.a(libc_a-closer.o) (errno)
C:/ST/STM32CubeIDE_1.10.1/STM32CubeIDE/plugins/com.st.stm32cube.ide.mcu.externaltools.gnu-tools-for-stm32.11.3.rel1.win32_1.1.100.202309141235/tools/bin/../lib/gcc/arm-none-eabi/11.3.1/../../../../arm-none-eabi/lib/thumb/v7e-m+fp/hard\libc_nano.a(libc_a-impure.o)
                              C:/ST/STM32CubeIDE_1.10.1/STM32CubeIDE/plugins/com.st.stm32cube.ide.mcu.externaltools.gnu-tools-for-stm32.11.3.rel1.win32_1.1.100.202309141235/tools/bin/../lib/gcc/arm-none-eabi/11.3.1/../../../../arm-none-eabi/lib/thumb/v7e-m+fp/hard\libc_nano.a(libc_a-reent.o) (_impure_ptr)
C:/ST/STM32CubeIDE_1.10.1/STM32CubeIDE/plugins/com.st.stm32cube.ide.mcu.externaltools.gnu-tools-for-stm32.11.3.rel1.win32_1.1.100.202309141235/tools/bin/../lib/gcc/arm-none-eabi/11.3.1/../../../../arm-none-eabi/lib/thumb/v7e-m+fp/hard\libc_nano.a(libc_a-lseekr.o)
[...]
Memory Configuration

Name             Origin             Length             Attributes
RAM              0x0000000020000000 0x0000000000050000 xrw
FLASH            0x0000000008000000 0x0000000000100000 xr
*default*        0x0000000000000000 0xffffffffffffffff

Linker script and memory map

LOAD C:/ST/STM32CubeIDE_1.10.1/STM32CubeIDE/plugins/com.st.stm32cube.ide.mcu.externaltools.gnu-tools-for-stm32.11.3.rel1.win32_1.1.100.202309141235/tools/bin/../lib/gcc/arm-none-eabi/11.3.1/thumb/v7e-m+fp/hard/crti.o
LOAD C:/ST/STM32CubeIDE_1.10.1/STM32CubeIDE/plugins/com.st.stm32cube.ide.mcu.externaltools.gnu-tools-for-stm32.11.3.rel1.win32_1.1.100.202309141235/tools/bin/../lib/gcc/arm-none-eabi/11.3.1/thumb/v7e-m+fp/hard/crtbegin.o
LOAD C:/ST/STM32CubeIDE_1.10.1/STM32CubeIDE/plugins/com.st.stm32cube.ide.mcu.externaltools.gnu-tools-for-stm32.11.3.rel1.win32_1.1.100.202309141235/tools/bin/../lib/gcc/arm-none-eabi/11.3.1/../../../../arm-none-eabi/lib/thumb/v7e-m+fp/hard/crt0.o
LOAD ./Core/Src/main.o
LOAD ./Core/Src/stm32f7xx_hal_msp.o
LOAD ./Core/Src/stm32f7xx_it.o
LOAD ./Core/Src/syscalls.o
LOAD ./Core/Src/sysmem.o
LOAD ./Core/Src/system_stm32f7xx.o
LOAD ./Core/Startup/startup_stm32f746nghx.o
LOAD ./Drivers/STM32F7xx_HAL_Driver/Src/stm32f7xx_hal.o
LOAD ./Drivers/STM32F7xx_HAL_Driver/Src/stm32f7xx_hal_can.o
LOAD ./Drivers/STM32F7xx_HAL_Driver/Src/stm32f7xx_hal_cortex.o
LOAD ./Drivers/STM32F7xx_HAL_Driver/Src/stm32f7xx_hal_dma.o
LOAD ./Drivers/STM32F7xx_HAL_Driver/Src/stm32f7xx_hal_dma_ex.o
LOAD ./Drivers/STM32F7xx_HAL_Driver/Src/stm32f7xx_hal_exti.o
LOAD ./Drivers/STM32F7xx_HAL_Driver/Src/stm32f7xx_hal_flash.o
LOAD ./Drivers/STM32F7xx_HAL_Driver/Src/stm32f7xx_hal_flash_ex.o
LOAD ./Drivers/STM32F7xx_HAL_Driver/Src/stm32f7xx_hal_gpio.o
LOAD ./Drivers/STM32F7xx_HAL_Driver/Src/stm32f7xx_hal_i2c.o
LOAD ./Drivers/STM32F7xx_HAL_Driver/Src/stm32f7xx_hal_i2c_ex.o
LOAD ./Drivers/STM32F7xx_HAL_Driver/Src/stm32f7xx_hal_pwr.o
LOAD ./Drivers/STM32F7xx_HAL_Driver/Src/stm32f7xx_hal_pwr_ex.o
LOAD ./Drivers/STM32F7xx_HAL_Driver/Src/stm32f7xx_hal_rcc.o
LOAD ./Drivers/STM32F7xx_HAL_Driver/Src/stm32f7xx_hal_rcc_ex.o
LOAD ./Drivers/STM32F7xx_HAL_Driver/Src/stm32f7xx_hal_tim.o
LOAD ./Drivers/STM32F7xx_HAL_Driver/Src/stm32f7xx_hal_tim_ex.o
LOAD ./Drivers/STM32F7xx_HAL_Driver/Src/stm32f7xx_ll_exti.o
LOAD ./Drivers/STM32F7xx_HAL_Driver/Src/stm32f7xx_ll_gpio.o
LOAD ./Drivers/STM32F7xx_HAL_Driver/Src/stm32f7xx_ll_rcc.o
LOAD ./Drivers/STM32F7xx_HAL_Driver/Src/stm32f7xx_ll_utils.o
START GROUP
LOAD C:/ST/STM32CubeIDE_1.10.1/STM32CubeIDE/plugins/com.st.stm32cube.ide.mcu.externaltools.gnu-tools-for-stm32.11.3.rel1.win32_1.1.100.202309141235/tools/bin/../lib/gcc/arm-none-eabi/11.3.1/../../../../arm-none-eabi/lib/thumb/v7e-m+fp/hard\libc_nano.a
LOAD C:/ST/STM32CubeIDE_1.10.1/STM32CubeIDE/plugins/com.st.stm32cube.ide.mcu.externaltools.gnu-tools-for-stm32.11.3.rel1.win32_1.1.100.202309141235/tools/bin/../lib/gcc/arm-none-eabi/11.3.1/../../../../arm-none-eabi/lib/thumb/v7e-m+fp/hard\libm.a
END GROUP
START GROUP
LOAD C:/ST/STM32CubeIDE_1.10.1/STM32CubeIDE/plugins/com.st.stm32cube.ide.mcu.externaltools.gnu-tools-for-stm32.11.3.rel1.win32_1.1.100.202309141235/tools/bin/../lib/gcc/arm-none-eabi/11.3.1/thumb/v7e-m+fp/hard\libgcc.a
LOAD C:/ST/STM32CubeIDE_1.10.1/STM32CubeIDE/plugins/com.st.stm32cube.ide.mcu.externaltools.gnu-tools-for-stm32.11.3.rel1.win32_1.1.100.202309141235/tools/bin/../lib/gcc/arm-none-eabi/11.3.1/../../../../arm-none-eabi/lib/thumb/v7e-m+fp/hard\libc_nano.a
END GROUP
START GROUP
LOAD C:/ST/STM32CubeIDE_1.10.1/STM32CubeIDE/plugins/com.st.stm32cube.ide.mcu.externaltools.gnu-tools-for-stm32.11.3.rel1.win32_1.1.100.202309141235/tools/bin/../lib/gcc/arm-none-eabi/11.3.1/thumb/v7e-m+fp/hard\libgcc.a
LOAD C:/ST/STM32CubeIDE_1.10.1/STM32CubeIDE/plugins/com.st.stm32cube.ide.mcu.externaltools.gnu-tools-for-stm32.11.3.rel1.win32_1.1.100.202309141235/tools/bin/../lib/gcc/arm-none-eabi/11.3.1/../../../../arm-none-eabi/lib/thumb/v7e-m+fp/hard\libc_nano.a
LOAD C:/ST/STM32CubeIDE_1.10.1/STM32CubeIDE/plugins/com.st.stm32cube.ide.mcu.externaltools.gnu-tools-for-stm32.11.3.rel1.win32_1.1.100.202309141235/tools/bin/../lib/gcc/arm-none-eabi/11.3.1/../../../../arm-none-eabi/lib/thumb/v7e-m+fp/hard\libnosys.a
END GROUP
START GROUP
LOAD C:/ST/STM32CubeIDE_1.10.1/STM32CubeIDE/plugins/com.st.stm32cube.ide.mcu.externaltools.gnu-tools-for-stm32.11.3.rel1.win32_1.1.100.202309141235/tools/bin/../lib/gcc/arm-none-eabi/11.3.1/thumb/v7e-m+fp/hard\libgcc.a
LOAD C:/ST/STM32CubeIDE_1.10.1/STM32CubeIDE/plugins/com.st.stm32cube.ide.mcu.externaltools.gnu-tools-for-stm32.11.3.rel1.win32_1.1.100.202309141235/tools/bin/../lib/gcc/arm-none-eabi/11.3.1/../../../../arm-none-eabi/lib/thumb/v7e-m+fp/hard\libc_nano.a
LOAD C:/ST/STM32CubeIDE_1.10.1/STM32CubeIDE/plugins/com.st.stm32cube.ide.mcu.externaltools.gnu-tools-for-stm32.11.3.rel1.win32_1.1.100.202309141235/tools/bin/../lib/gcc/arm-none-eabi/11.3.1/../../../../arm-none-eabi/lib/thumb/v7e-m+fp/hard\libnosys.a
END GROUP
LOAD C:/ST/STM32CubeIDE_1.10.1/STM32CubeIDE/plugins/com.st.stm32cube.ide.mcu.externaltools.gnu-tools-for-stm32.11.3.rel1.win32_1.1.100.202309141235/tools/bin/../lib/gcc/arm-none-eabi/11.3.1/thumb/v7e-m+fp/hard/crtend.o
LOAD C:/ST/STM32CubeIDE_1.10.1/STM32CubeIDE/plugins/com.st.stm32cube.ide.mcu.externaltools.gnu-tools-for-stm32.11.3.rel1.win32_1.1.100.202309141235/tools/bin/../lib/gcc/arm-none-eabi/11.3.1/thumb/v7e-m+fp/hard/crtn.o
                0x0000000020050000                _estack = (ORIGIN (RAM) + LENGTH (RAM))
                0x0000000000000200                _Min_Heap_Size = 0x200
                0x0000000000000400                _Min_Stack_Size = 0x400

.isr_vector     0x0000000008000000      0x1c8
                0x0000000008000000                . = ALIGN (0x4)
 *(.isr_vector)
 .isr_vector    0x0000000008000000      0x1c8 ./Core/Startup/startup_stm32f746nghx.o
                0x0000000008000000                g_pfnVectors
                0x00000000080001c8                . = ALIGN (0x4)

.text           0x00000000080001c8     0x2014
                0x00000000080001c8                . = ALIGN (0x4)
 *(.text)
 .text          0x00000000080001c8       0x40 C:/ST/STM32CubeIDE_1.10.1/STM32CubeIDE/plugins/com.st.stm32cube.ide.mcu.externaltools.gnu-tools-for-stm32.11.3.rel1.win32_1.1.100.202309141235/tools/bin/../lib/gcc/arm-none-eabi/11.3.1/thumb/v7e-m+fp/hard/crtbegin.o
 *(.text*)
 .text.LL_RCC_HSI_Enable
                0x0000000008000208       0x20 ./Core/Src/main.o
 .text.LL_RCC_HSI_IsReady
                0x0000000008000228       0x24 ./Core/Src/main.o
 .text.LL_RCC_HSI_SetCalibTrimming
                0x000000000800024c       0x2c ./Core/Src/main.o
 .text.LL_RCC_SetSysClkSource
                0x0000000008000278       0x28 ./Core/Src/main.o
 .text.LL_RCC_GetSysClkSource
                0x00000000080002a0       0x1c ./Core/Src/main.o
 .text.LL_RCC_SetAHBPrescaler
                0x00000000080002bc       0x28 ./Core/Src/main.o
 .text.LL_RCC_SetAPB1Prescaler
                0x00000000080002e4       0x28 ./Core/Src/main.o
 .text.LL_RCC_SetAPB2Prescaler
                0x000000000800030c       0x28 ./Core/Src/main.o
 .text.LL_RCC_PLL_Enable
                0x0000000008000334       0x20 ./Core/Src/main.o
 .text.LL_RCC_PLL_IsReady
                0x0000000008000354       0x28 ./Core/Src/main.o
 .text.LL_RCC_PLL_ConfigDomain_SYS
                0x000000000800037c       0x40 ./Core/Src/main.o
 .text.LL_AHB1_GRP1_EnableClock
                0x00000000080003bc       0x30 ./Core/Src/main.o
 .text.LL_FLASH_SetLatency
                0x00000000080003ec       0x28 ./Core/Src/main.o
 .text.LL_FLASH_GetLatency
                0x0000000008000414       0x1c ./Core/Src/main.o
 .text.LL_PWR_DisableOverDriveMode
                0x0000000008000430       0x20 ./Core/Src/main.o
 .text.LL_PWR_SetRegulVoltageScaling
                0x0000000008000450       0x28 ./Core/Src/main.o
 .text.LL_PWR_IsActiveFlag_VOS
                0x0000000008000478       0x28 ./Core/Src/main.o
 .text.LL_GPIO_ResetOutputPin
                0x00000000080004a0       0x1e ./Core/Src/main.o
 *fill*         0x00000000080004be        0x2 
 .text.HAL_CAN_RxFifo0MsgPendingCallback
                0x00000000080004c0       0x34 ./Core/Src/main.o
                0x00000000080004c0                HAL_CAN_RxFifo0MsgPendingCallback
 .text.main     0x00000000080004f4      0x100 ./Core/Src/main.o
                0x00000000080004f4                main
 .text.SystemClock_Config
                0x00000000080005f4       0xa4 ./Core/Src/main.o
                0x00000000080005f4                SystemClock_Config
 .text.MX_CAN1_Init
                0x0000000008000698       0xa8 ./Core/Src/main.o
 .text.MX_GPIO_Init
                0x0000000008000740       0x58 ./Core/Src/main.o
 .text.MPU_Config
                0x0000000008000798       0x58 ./Core/Src/main.o
 .text.Error_Handler
                0x00000000080007f0        0xa ./Core/Src/main.o
                0x00000000080007f0                Error_Handler
 *fill*         0x00000000080007fa        0x2 
 .text.HAL_MspInit
                0x00000000080007fc       0x48 ./Core/Src/stm32f7xx_hal_msp.o
                0x00000000080007fc                HAL_MspInit
 .text.HAL_CAN_MspInit
                0x0000000008000844       0xbc ./Core/Src/stm32f7xx_hal_msp.o
                0x0000000008000844                HAL_CAN_MspInit
 .text.NMI_Handler
                0x0000000008000900        0x6 ./Core/Src/stm32f7xx_it.o
                0x0000000008000900                NMI_Handler
 .text.HardFault_Handler
                0x0000000008000906        0x6 ./Core/Src/stm32f7xx_it.o
                0x0000000008000906                HardFault_Handler
 .text.MemManage_Handler
                0x000000000800090c        0x6 ./Core/Src/stm32f7xx_it.o
                0x000000000800090c                MemManage_Handler
 .text.BusFault_Handler
                0x0000000008000912        0x6 ./Core/Src/stm32f7xx_it.o
                0x0000000008000912                BusFault_Handler
 .text.UsageFault_Handler
                0x0000000008000918        0x6 ./Core/Src/stm32f7xx_it.o
                0x0000000008000918                UsageFault_Handler
 .text.SVC_Handler
                0x000000000800091e        0xe ./Core/Src/stm32f7xx_it.o
                0x000000000800091e                SVC_Handler
 .text.DebugMon_Handler
                0x000000000800092c        0xe ./Core/Src/stm32f7xx_it.o
                0x000000000800092c                DebugMon_Handler
 .text.PendSV_Handler
                0x000000000800093a        0xe ./Core/Src/stm32f7xx_it.o
                0x000000000800093a                PendSV_Handler
 .text.SysTick_Handler
                0x0000000008000948        0xc ./Core/Src/stm32f7xx_it.o
                0x0000000008000948                SysTick_Handler
 .text.CAN1_RX0_IRQHandler
                0x0000000008000954       0x14 ./Core/Src/stm32f7xx_it.o
                0x0000000008000954                CAN1_RX0_IRQHandler
 .text.SystemInit
                0x0000000008000968       0x24 ./Core/Src/system_stm32f7xx.o
                0x0000000008000968                SystemInit
 .text.Reset_Handler
                0x000000000800098c       0x50 ./Core/Startup/startup_stm32f746nghx.o
                0x000000000800098c                Reset_Handler
 .text.Default_Handler
                0x00000000080009dc        0x2 ./Core/Startup/startup_stm32f746nghx.o
                0x00000000080009dc                RTC_Alarm_IRQHandler
                0x00000000080009dc                EXTI2_IRQHandler
                0x00000000080009dc                TIM8_CC_IRQHandler
                0x00000000080009dc                UART8_IRQHandler
                0x00000000080009dc                SPI4_IRQHandler
                0x00000000080009dc                TIM1_CC_IRQHandler
                0x00000000080009dc                DMA2_Stream5_IRQHandler
                0x00000000080009dc                DMA1_Stream5_IRQHandler
                0x00000000080009dc                PVD_IRQHandler
                0x00000000080009dc                TAMP_STAMP_IRQHandler
                0x00000000080009dc                CAN2_RX1_IRQHandler
                0x00000000080009dc                EXTI3_IRQHandler
                0x00000000080009dc                TIM8_TRG_COM_TIM14_IRQHandler
                0x00000000080009dc                TIM1_UP_TIM10_IRQHandler
                0x00000000080009dc                TIM8_UP_TIM13_IRQHandler
                0x00000000080009dc                I2C3_ER_IRQHandler
                0x00000000080009dc                EXTI0_IRQHandler
                0x00000000080009dc                I2C2_EV_IRQHandler
                0x00000000080009dc                DMA1_Stream2_IRQHandler
                0x00000000080009dc                FPU_IRQHandler
                0x00000000080009dc                OTG_HS_WKUP_IRQHandler
                0x00000000080009dc                LTDC_ER_IRQHandler
                0x00000000080009dc                CAN2_SCE_IRQHandler
                0x00000000080009dc                DMA2_Stream2_IRQHandler
                0x00000000080009dc                SPI1_IRQHandler
                0x00000000080009dc                TIM6_DAC_IRQHandler
                0x00000000080009dc                TIM1_BRK_TIM9_IRQHandler
                0x00000000080009dc                DCMI_IRQHandler
                0x00000000080009dc                CAN2_RX0_IRQHandler
                0x00000000080009dc                DMA2_Stream3_IRQHandler
                0x00000000080009dc                SAI2_IRQHandler
                0x00000000080009dc                USART6_IRQHandler
                0x00000000080009dc                USART3_IRQHandler
                0x00000000080009dc                CAN1_RX1_IRQHandler
                0x00000000080009dc                UART5_IRQHandler
                0x00000000080009dc                DMA2_Stream0_IRQHandler
                0x00000000080009dc                TIM4_IRQHandler
                0x00000000080009dc                QUADSPI_IRQHandler
                0x00000000080009dc                I2C1_EV_IRQHandler
                0x00000000080009dc                DMA1_Stream6_IRQHandler
                0x00000000080009dc                DMA1_Stream1_IRQHandler
                0x00000000080009dc                UART4_IRQHandler
                0x00000000080009dc                TIM3_IRQHandler
                0x00000000080009dc                RCC_IRQHandler
                0x00000000080009dc                TIM8_BRK_TIM12_IRQHandler
                0x00000000080009dc                Default_Handler
                0x00000000080009dc                CEC_IRQHandler
                0x00000000080009dc                EXTI15_10_IRQHandler
                0x00000000080009dc                ADC_IRQHandler
                0x00000000080009dc                DMA1_Stream7_IRQHandler
                0x00000000080009dc                SPI5_IRQHandler
                0x00000000080009dc                TIM7_IRQHandler
                0x00000000080009dc                SDMMC1_IRQHandler
                0x00000000080009dc                CAN2_TX_IRQHandler
                0x00000000080009dc                TIM5_IRQHandler
                0x00000000080009dc                DMA2_Stream7_IRQHandler
                0x00000000080009dc                I2C3_EV_IRQHandler
                0x00000000080009dc                EXTI9_5_IRQHandler
                0x00000000080009dc                RTC_WKUP_IRQHandler
                0x00000000080009dc                LTDC_IRQHandler
                0x00000000080009dc                ETH_WKUP_IRQHandler
                0x00000000080009dc                SPDIF_RX_IRQHandler
                0x00000000080009dc                SPI2_IRQHandler
                0x00000000080009dc                OTG_HS_EP1_IN_IRQHandler
                0x00000000080009dc                DMA1_Stream0_IRQHandler
                0x00000000080009dc                CAN1_TX_IRQHandler
                0x00000000080009dc                EXTI4_IRQHandler
                0x00000000080009dc                RNG_IRQHandler
                0x00000000080009dc                ETH_IRQHandler
                0x00000000080009dc                OTG_HS_EP1_OUT_IRQHandler
                0x00000000080009dc                WWDG_IRQHandler
                0x00000000080009dc                SPI6_IRQHandler
                0x00000000080009dc                I2C4_EV_IRQHandler
                0x00000000080009dc                TIM2_IRQHandler
                0x00000000080009dc                OTG_FS_WKUP_IRQHandler
                0x00000000080009dc                TIM1_TRG_COM_TIM11_IRQHandler
                0x00000000080009dc                OTG_HS_IRQHandler
                0x00000000080009dc                DMA2D_IRQHandler
                0x00000000080009dc                EXTI1_IRQHandler
                0x00000000080009dc                UART7_IRQHandler
                0x00000000080009dc                USART2_IRQHandler
                0x00000000080009dc                I2C2_ER_IRQHandler
                0x00000000080009dc                DMA2_Stream1_IRQHandler
                0x00000000080009dc                CAN1_SCE_IRQHandler
                0x00000000080009dc                FLASH_IRQHandler
                0x00000000080009dc                DMA2_Stream4_IRQHandler
                0x00000000080009dc                USART1_IRQHandler
                0x00000000080009dc                OTG_FS_IRQHandler
                0x00000000080009dc                SPI3_IRQHandler
                0x00000000080009dc                DMA1_Stream4_IRQHandler
                0x00000000080009dc                I2C1_ER_IRQHandler
                0x00000000080009dc                FMC_IRQHandler
                0x00000000080009dc                LPTIM1_IRQHandler
                0x00000000080009dc                I2C4_ER_IRQHandler
                0x00000000080009dc                DMA2_Stream6_IRQHandler
                0x00000000080009dc                SAI1_IRQHandler
                0x00000000080009dc                DMA1_Stream3_IRQHandler
 .text.HAL_Init
                0x00000000080009de       0x1a ./Drivers/STM32F7xx_HAL_Driver/Src/stm32f7xx_hal.o
                0x00000000080009de                HAL_Init
 .text.HAL_InitTick
                0x00000000080009f8       0x60 ./Drivers/STM32F7xx_HAL_Driver/Src/stm32f7xx_hal.o
                0x00000000080009f8                HAL_InitTick
 .text.HAL_IncTick
                0x0000000008000a58       0x28 ./Drivers/STM32F7xx_HAL_Driver/Src/stm32f7xx_hal.o
                0x0000000008000a58                HAL_IncTick
 .text.HAL_GetTick
                0x0000000008000a80       0x18 ./Drivers/STM32F7xx_HAL_Driver/Src/stm32f7xx_hal.o
                0x0000000008000a80                HAL_GetTick
 .text.HAL_Delay
                0x0000000008000a98       0x48 ./Drivers/STM32F7xx_HAL_Driver/Src/stm32f7xx_hal.o
                0x0000000008000a98                HAL_Delay
 .text.HAL_CAN_Init
                0x0000000008000ae0      0x1f6 ./Drivers/STM32F7xx_HAL_Driver/Src/stm32f7xx_hal_can.o
                0x0000000008000ae0                HAL_CAN_Init
 *fill*         0x0000000008000cd6        0x2 
 .text.HAL_CAN_ConfigFilter
                0x0000000008000cd8      0x1c0 ./Drivers/STM32F7xx_HAL_Driver/Src/stm32f7xx_hal_can.o
                0x0000000008000cd8                HAL_CAN_ConfigFilter
 .text.HAL_CAN_Start
                0x0000000008000e98       0x88 ./Drivers/STM32F7xx_HAL_Driver/Src/stm32f7xx_hal_can.o
                0x0000000008000e98                HAL_CAN_Start
 .text.HAL_CAN_AddTxMessage
                0x0000000008000f20      0x1a0 ./Drivers/STM32F7xx_HAL_Driver/Src/stm32f7xx_hal_can.o
                0x0000000008000f20                HAL_CAN_AddTxMessage
 .text.HAL_CAN_GetRxMessage
                0x00000000080010c0      0x224 ./Drivers/STM32F7xx_HAL_Driver/Src/stm32f7xx_hal_can.o
                0x00000000080010c0                HAL_CAN_GetRxMessage
 .text.HAL_CAN_ActivateNotification
                0x00000000080012e4       0x4c ./Drivers/STM32F7xx_HAL_Driver/Src/stm32f7xx_hal_can.o
                0x00000000080012e4                HAL_CAN_ActivateNotification
 .text.HAL_CAN_IRQHandler
                0x0000000008001330      0x36e ./Drivers/STM32F7xx_HAL_Driver/Src/stm32f7xx_hal_can.o
                0x0000000008001330                HAL_CAN_IRQHandler
 .text.HAL_CAN_TxMailbox0CompleteCallback
                0x000000000800169e       0x14 ./Drivers/STM32F7xx_HAL_Driver/Src/stm32f7xx_hal_can.o
                0x000000000800169e                HAL_CAN_TxMailbox0CompleteCallback
 .text.HAL_CAN_TxMailbox1CompleteCallback
                0x00000000080016b2       0x14 ./Drivers/STM32F7xx_HAL_Driver/Src/stm32f7xx_hal_can.o
                0x00000000080016b2                HAL_CAN_TxMailbox1CompleteCallback
 .text.HAL_CAN_TxMailbox2CompleteCallback
                0x00000000080016c6       0x14 ./Drivers/STM32F7xx_HAL_Driver/Src/stm32f7xx_hal_can.o
                0x00000000080016c6                HAL_CAN_TxMailbox2CompleteCallback
 .text.HAL_CAN_TxMailbox0AbortCallback
                0x00000000080016da       0x14 ./Drivers/STM32F7xx_HAL_Driver/Src/stm32f7xx_hal_can.o
                0x00000000080016da                HAL_CAN_TxMailbox0AbortCallback
 .text.HAL_CAN_TxMailbox1AbortCallback
                0x00000000080016ee       0x14 ./Drivers/STM32F7xx_HAL_Driver/Src/stm32f7xx_hal_can.o
                0x00000000080016ee                HAL_CAN_TxMailbox1AbortCallback
 .text.HAL_CAN_TxMailbox2AbortCallback
                0x0000000008001702       0x14 ./Drivers/STM32F7xx_HAL_Driver/Src/stm32f7xx_hal_can.o
                0x0000000008001702                HAL_CAN_TxMailbox2AbortCallback
 .text.HAL_CAN_RxFifo0FullCallback
                0x0000000008001716       0x14 ./Drivers/STM32F7xx_HAL_Driver/Src/stm32f7xx_hal_can.o
                0x0000000008001716                HAL_CAN_RxFifo0FullCallback
 .text.HAL_CAN_RxFifo1MsgPendingCallback
                0x000000000800172a       0x14 ./Drivers/STM32F7xx_HAL_Driver/Src/stm32f7xx_hal_can.o
                0x000000000800172a                HAL_CAN_RxFifo1MsgPendingCallback
 .text.HAL_CAN_RxFifo1FullCallback
                0x000000000800173e       0x14 ./Drivers/STM32F7xx_HAL_Driver/Src/stm32f7xx_hal_can.o
                0x000000000800173e                HAL_CAN_RxFifo1FullCallback
 .text.HAL_CAN_SleepCallback
                0x0000000008001752       0x14 ./Drivers/STM32F7xx_HAL_Driver/Src/stm32f7xx_hal_can.o
                0x0000000008001752                HAL_CAN_SleepCallback
 .text.HAL_CAN_WakeUpFromRxMsgCallback
                0x0000000008001766       0x14 ./Drivers/STM32F7xx_HAL_Driver/Src/stm32f7xx_hal_can.o
                0x0000000008001766                HAL_CAN_WakeUpFromRxMsgCallback
 .text.HAL_CAN_ErrorCallback
                0x000000000800177a       0x14 ./Drivers/STM32F7xx_HAL_Driver/Src/stm32f7xx_hal_can.o
                0x000000000800177a                HAL_CAN_ErrorCallback
 *fill*         0x000000000800178e        0x2 
 .text.__NVIC_SetPriorityGrouping
                0x0000000008001790       0x48 ./Drivers/STM32F7xx_HAL_Driver/Src/stm32f7xx_hal_cortex.o
 .text.__NVIC_GetPriorityGrouping
                0x00000000080017d8       0x1c ./Drivers/STM32F7xx_HAL_Driver/Src/stm32f7xx_hal_cortex.o
 .text.__NVIC_EnableIRQ
                0x00000000080017f4       0x3c ./Drivers/STM32F7xx_HAL_Driver/Src/stm32f7xx_hal_cortex.o
 .text.__NVIC_SetPriority
                0x0000000008001830       0x54 ./Drivers/STM32F7xx_HAL_Driver/Src/stm32f7xx_hal_cortex.o
 .text.NVIC_EncodePriority
                0x0000000008001884       0x66 ./Drivers/STM32F7xx_HAL_Driver/Src/stm32f7xx_hal_cortex.o
 *fill*         0x00000000080018ea        0x2 
 .text.SysTick_Config
                0x00000000080018ec       0x44 ./Drivers/STM32F7xx_HAL_Driver/Src/stm32f7xx_hal_cortex.o
 .text.HAL_NVIC_SetPriorityGrouping
                0x0000000008001930       0x16 ./Drivers/STM32F7xx_HAL_Driver/Src/stm32f7xx_hal_cortex.o
                0x0000000008001930                HAL_NVIC_SetPriorityGrouping
 .text.HAL_NVIC_SetPriority
                0x0000000008001946       0x38 ./Drivers/STM32F7xx_HAL_Driver/Src/stm32f7xx_hal_cortex.o
                0x0000000008001946                HAL_NVIC_SetPriority
 .text.HAL_NVIC_EnableIRQ
                0x000000000800197e       0x1c ./Drivers/STM32F7xx_HAL_Driver/Src/stm32f7xx_hal_cortex.o
                0x000000000800197e                HAL_NVIC_EnableIRQ
 .text.HAL_SYSTICK_Config
                0x000000000800199a       0x18 ./Drivers/STM32F7xx_HAL_Driver/Src/stm32f7xx_hal_cortex.o
                0x000000000800199a                HAL_SYSTICK_Config
 *fill*         0x00000000080019b2        0x2 
 .text.HAL_MPU_Disable
                0x00000000080019b4       0x30 ./Drivers/STM32F7xx_HAL_Driver/Src/stm32f7xx_hal_cortex.o
                0x00000000080019b4                HAL_MPU_Disable
 .text.HAL_MPU_Enable
                0x00000000080019e4       0x40 ./Drivers/STM32F7xx_HAL_Driver/Src/stm32f7xx_hal_cortex.o
                0x00000000080019e4                HAL_MPU_Enable
 .text.HAL_MPU_ConfigRegion
                0x0000000008001a24       0x88 ./Drivers/STM32F7xx_HAL_Driver/Src/stm32f7xx_hal_cortex.o
                0x0000000008001a24                HAL_MPU_ConfigRegion
 .text.HAL_GPIO_Init
                0x0000000008001aac      0x358 ./Drivers/STM32F7xx_HAL_Driver/Src/stm32f7xx_hal_gpio.o
                0x0000000008001aac                HAL_GPIO_Init
 .text.HAL_GPIO_WritePin
                0x0000000008001e04       0x32 ./Drivers/STM32F7xx_HAL_Driver/Src/stm32f7xx_hal_gpio.o
                0x0000000008001e04                HAL_GPIO_WritePin
 .text.HAL_GPIO_TogglePin
                0x0000000008001e36       0x34 ./Drivers/STM32F7xx_HAL_Driver/Src/stm32f7xx_hal_gpio.o
                0x0000000008001e36                HAL_GPIO_TogglePin
 .text.LL_GPIO_SetPinMode
                0x0000000008001e6a       0x5e ./Drivers/STM32F7xx_HAL_Driver/Src/stm32f7xx_ll_gpio.o
 .text.LL_GPIO_SetPinOutputType
                0x0000000008001ec8       0x30 ./Drivers/STM32F7xx_HAL_Driver/Src/stm32f7xx_ll_gpio.o
 .text.LL_GPIO_SetPinSpeed
                0x0000000008001ef8       0x5e ./Drivers/STM32F7xx_HAL_Driver/Src/stm32f7xx_ll_gpio.o
 .text.LL_GPIO_SetPinPull
                0x0000000008001f56       0x5e ./Drivers/STM32F7xx_HAL_Driver/Src/stm32f7xx_ll_gpio.o
 .text.LL_GPIO_SetAFPin_0_7
                0x0000000008001fb4       0x5e ./Drivers/STM32F7xx_HAL_Driver/Src/stm32f7xx_ll_gpio.o
 .text.LL_GPIO_SetAFPin_8_15
                0x0000000008002012       0x62 ./Drivers/STM32F7xx_HAL_Driver/Src/stm32f7xx_ll_gpio.o
 .text.LL_GPIO_Init
                0x0000000008002074       0xe8 ./Drivers/STM32F7xx_HAL_Driver/Src/stm32f7xx_ll_gpio.o
                0x0000000008002074                LL_GPIO_Init
 .text.LL_SetSystemCoreClock
                0x000000000800215c       0x20 ./Drivers/STM32F7xx_HAL_Driver/Src/stm32f7xx_ll_utils.o
                0x000000000800215c                LL_SetSystemCoreClock
 .text.__libc_init_array
                0x000000000800217c       0x48 C:/ST/STM32CubeIDE_1.10.1/STM32CubeIDE/plugins/com.st.stm32cube.ide.mcu.externaltools.gnu-tools-for-stm32.11.3.rel1.win32_1.1.100.202309141235/tools/bin/../lib/gcc/arm-none-eabi/11.3.1/../../../../arm-none-eabi/lib/thumb/v7e-m+fp/hard\libc_nano.a(libc_a-init.o)
                0x000000000800217c                __libc_init_array
 *(.glue_7)
 .glue_7        0x00000000080021c4        0x0 linker stubs
 *(.glue_7t)
 .glue_7t       0x00000000080021c4        0x0 linker stubs
 *(.eh_frame)
 .eh_frame      0x00000000080021c4        0x0 C:/ST/STM32CubeIDE_1.10.1/STM32CubeIDE/plugins/com.st.stm32cube.ide.mcu.externaltools.gnu-tools-for-stm32.11.3.rel1.win32_1.1.100.202309141235/tools/bin/../lib/gcc/arm-none-eabi/11.3.1/thumb/v7e-m+fp/hard/crtbegin.o
 *(.init)
 .init          0x00000000080021c4        0x4 C:/ST/STM32CubeIDE_1.10.1/STM32CubeIDE/plugins/com.st.stm32cube.ide.mcu.externaltools.gnu-tools-for-stm32.11.3.rel1.win32_1.1.100.202309141235/tools/bin/../lib/gcc/arm-none-eabi/11.3.1/thumb/v7e-m+fp/hard/crti.o
                0x00000000080021c4                _init
 .init          0x00000000080021c8        0x8 C:/ST/STM32CubeIDE_1.10.1/STM32CubeIDE/plugins/com.st.stm32cube.ide.mcu.externaltools.gnu-tools-for-stm32.11.3.rel1.win32_1.1.100.202309141235/tools/bin/../lib/gcc/arm-none-eabi/11.3.1/thumb/v7e-m+fp/hard/crtn.o
 *(.fini)
 .fini          0x00000000080021d0        0x4 C:/ST/STM32CubeIDE_1.10.1/STM32CubeIDE/plugins/com.st.stm32cube.ide.mcu.externaltools.gnu-tools-for-stm32.11.3.rel1.win32_1.1.100.202309141235/tools/bin/../lib/gcc/arm-none-eabi/11.3.1/thumb/v7e-m+fp/hard/crti.o
                0x00000000080021d0                _fini
 .fini          0x00000000080021d4        0x8 C:/ST/STM32CubeIDE_1.10.1/STM32CubeIDE/plugins/com.st.stm32cube.ide.mcu.externaltools.gnu-tools-for-stm32.11.3.rel1.win32_1.1.100.202309141235/tools/bin/../lib/gcc/arm-none-eabi/11.3.1/thumb/v7e-m+fp/hard/crtn.o
                0x00000000080021dc                . = ALIGN (0x4)
                0x00000000080021dc                _etext = .

.vfp11_veneer   0x00000000080021dc        0x0
 .vfp11_veneer  0x00000000080021dc        0x0 linker stubs

.v4_bx          0x00000000080021dc        0x0
 .v4_bx         0x00000000080021dc        0x0 linker stubs

.iplt           0x00000000080021dc        0x0
 .iplt          0x00000000080021dc        0x0 C:/ST/STM32CubeIDE_1.10.1/STM32CubeIDE/plugins/com.st.stm32cube.ide.mcu.externaltools.gnu-tools-for-stm32.11.3.rel1.win32_1.1.100.202309141235/tools/bin/../lib/gcc/arm-none-eabi/11.3.1/thumb/v7e-m+fp/hard/crtbegin.o

.rel.dyn        0x00000000080021dc        0x0
 .rel.iplt      0x00000000080021dc        0x0 C:/ST/STM32CubeIDE_1.10.1/STM32CubeIDE/plugins/com.st.stm32cube.ide.mcu.externaltools.gnu-tools-for-stm32.11.3.rel1.win32_1.1.100.202309141235/tools/bin/../lib/gcc/arm-none-eabi/11.3.1/thumb/v7e-m+fp/hard/crtbegin.o

.rodata         0x00000000080021dc        0x0
                0x00000000080021dc                . = ALIGN (0x4)
 *(.rodata)
 *(.rodata*)
                0x00000000080021dc                . = ALIGN (0x4)

.ARM.extab      0x00000000080021dc        0x0
                0x00000000080021dc                . = ALIGN (0x4)
 *(.ARM.extab* .gnu.linkonce.armextab.*)
                0x00000000080021dc                . = ALIGN (0x4)

.ARM            0x00000000080021dc        0x0
                0x00000000080021dc                . = ALIGN (0x4)
                0x00000000080021dc                __exidx_start = .
 *(.ARM.exidx*)
                0x00000000080021dc                __exidx_end = .
                0x00000000080021dc                . = ALIGN (0x4)

.preinit_array  0x00000000080021dc        0x0
                0x00000000080021dc                . = ALIGN (0x4)
                0x00000000080021dc                PROVIDE (__preinit_array_start = .)
 *(.preinit_array*)
                0x00000000080021dc                PROVIDE (__preinit_array_end = .)
                0x00000000080021dc                . = ALIGN (0x4)

.init_array     0x00000000080021dc        0x4
                0x00000000080021dc                . = ALIGN (0x4)
                0x00000000080021dc                PROVIDE (__init_array_start = .)
 *(SORT_BY_NAME(.init_array.*))
 *(.init_array*)
 .init_array    0x00000000080021dc        0x4 C:/ST/STM32CubeIDE_1.10.1/STM32CubeIDE/plugins/com.st.stm32cube.ide.mcu.externaltools.gnu-tools-for-stm32.11.3.rel1.win32_1.1.100.202309141235/tools/bin/../lib/gcc/arm-none-eabi/11.3.1/thumb/v7e-m+fp/hard/crtbegin.o
                0x00000000080021e0                PROVIDE (__init_array_end = .)
                0x00000000080021e0                . = ALIGN (0x4)

.fini_array     0x00000000080021e0        0x4
                0x00000000080021e0                . = ALIGN (0x4)
                [!provide]                        PROVIDE (__fini_array_start = .)
 *(SORT_BY_NAME(.fini_array.*))
 *(.fini_array*)
 .fini_array    0x00000000080021e0        0x4 C:/ST/STM32CubeIDE_1.10.1/STM32CubeIDE/plugins/com.st.stm32cube.ide.mcu.externaltools.gnu-tools-for-stm32.11.3.rel1.win32_1.1.100.202309141235/tools/bin/../lib/gcc/arm-none-eabi/11.3.1/thumb/v7e-m+fp/hard/crtbegin.o
                [!provide]                        PROVIDE (__fini_array_end = .)
                0x00000000080021e4                . = ALIGN (0x4)
                0x00000000080021e4                _sidata = LOADADDR (.data)

.data           0x0000000020000000        0xc load address 0x00000000080021e4
                0x0000000020000000                . = ALIGN (0x4)
                0x0000000020000000                _sdata = .
 *(.data)
 *(.data*)
 .data.SystemCoreClock
                0x0000000020000000        0x4 ./Core/Src/system_stm32f7xx.o
                0x0000000020000000                SystemCoreClock
 .data.uwTickPrio
                0x0000000020000004        0x4 ./Drivers/STM32F7xx_HAL_Driver/Src/stm32f7xx_hal.o
                0x0000000020000004                uwTickPrio
 .data.uwTickFreq
                0x0000000020000008        0x1 ./Drivers/STM32F7xx_HAL_Driver/Src/stm32f7xx_hal.o
                0x0000000020000008                uwTickFreq
 *(.RamFunc)
 *(.RamFunc*)
                0x000000002000000c                . = ALIGN (0x4)
 *fill*         0x0000000020000009        0x3 
                0x000000002000000c                _edata = .

.igot.plt       0x000000002000000c        0x0 load address 0x00000000080021f0
 .igot.plt      0x000000002000000c        0x0 C:/ST/STM32CubeIDE_1.10.1/STM32CubeIDE/plugins/com.st.stm32cube.ide.mcu.externaltools.gnu-tools-for-stm32.11.3.rel1.win32_1.1.100.202309141235/tools/bin/../lib/gcc/arm-none-eabi/11.3.1/thumb/v7e-m+fp/hard/crtbegin.o
                0x000000002000000c                . = ALIGN (0x4)

.bss            0x000000002000000c       0x94 load address 0x00000000080021f0
                0x000000002000000c                _sbss = .
                0x000000002000000c                __bss_start__ = _sbss
 *(.bss)
 .bss           0x000000002000000c       0x1c C:/ST/STM32CubeIDE_1.10.1/STM32CubeIDE/plugins/com.st.stm32cube.ide.mcu.externaltools.gnu-tools-for-stm32.11.3.rel1.win32_1.1.100.202309141235/tools/bin/../lib/gcc/arm-none-eabi/11.3.1/thumb/v7e-m+fp/hard/crtbegin.o
 *(.bss*)
 .bss.hcan1     0x0000000020000028       0x28 ./Core/Src/main.o
                0x0000000020000028                hcan1
 .bss.id_flag   0x0000000020000050        0x2 ./Core/Src/main.o
                0x0000000020000050                id_flag
 *fill*         0x0000000020000052        0x2 
 .bss.TxHeader  0x0000000020000054       0x18 ./Core/Src/main.o
                0x0000000020000054                TxHeader
 .bss.RxHeader  0x000000002000006c       0x1c ./Core/Src/main.o
                0x000000002000006c                RxHeader
 .bss.TxMailbox
                0x0000000020000088        0x4 ./Core/Src/main.o
                0x0000000020000088                TxMailbox
 .bss.TxData    0x000000002000008c        0x8 ./Core/Src/main.o
                0x000000002000008c                TxData
 .bss.RxData    0x0000000020000094        0x8 ./Core/Src/main.o
                0x0000000020000094                RxData
 .bss.uwTick    0x000000002000009c        0x4 ./Drivers/STM32F7xx_HAL_Driver/Src/stm32f7xx_hal.o
                0x000000002000009c                uwTick
 *(COMMON)
                0x00000000200000a0                . = ALIGN (0x4)
                0x00000000200000a0                _ebss = .
                0x00000000200000a0                __bss_end__ = _ebss

._user_heap_stack
                0x00000000200000a0      0x600 load address 0x00000000080021f0
                0x00000000200000a0                . = ALIGN (0x8)
                [!provide]                        PROVIDE (end = .)
                0x00000000200000a0                PROVIDE (_end = .)
                0x00000000200002a0                . = (. + _Min_Heap_Size)
 *fill*         0x00000000200000a0      0x200 
                0x00000000200006a0                . = (. + _Min_Stack_Size)
 *fill*         0x00000000200002a0      0x400 
                0x00000000200006a0                . = ALIGN (0x8)

/DISCARD/
 libc.a(*)
 libm.a(*)
 libgcc.a(*)

.ARM.attributes
                0x0000000000000000       0x30
 *(.ARM.attributes)
 .ARM.attributes
                0x0000000000000000       0x1e C:/ST/STM32CubeIDE_1.10.1/STM32CubeIDE/plugins/com.st.stm32cube.ide.mcu.externaltools.gnu-tools-for-stm32.11.3.rel1.win32_1.1.100.202309141235/tools/bin/../lib/gcc/arm-none-eabi/11.3.1/thumb/v7e-m+fp/hard/crti.o
 .ARM.attributes
                0x000000000000001e       0x34 C:/ST/STM32CubeIDE_1.10.1/STM32CubeIDE/plugins/com.st.stm32cube.ide.mcu.externaltools.gnu-tools-for-stm32.11.3.rel1.win32_1.1.100.202309141235/tools/bin/../lib/gcc/arm-none-eabi/11.3.1/thumb/v7e-m+fp/hard/crtbegin.o
 .ARM.attributes
                0x0000000000000052       0x34 ./Core/Src/main.o
 .ARM.attributes
                0x0000000000000086       0x34 ./Core/Src/stm32f7xx_hal_msp.o
 .ARM.attributes
                0x00000000000000ba       0x34 ./Core/Src/stm32f7xx_it.o
 .ARM.attributes
                0x00000000000000ee       0x34 ./Core/Src/system_stm32f7xx.o
 .ARM.attributes
                0x0000000000000122       0x21 ./Core/Startup/startup_stm32f746nghx.o
 .ARM.attributes
                0x0000000000000143       0x34 ./Drivers/STM32F7xx_HAL_Driver/Src/stm32f7xx_hal.o
 .ARM.attributes
                0x0000000000000177       0x34 ./Drivers/STM32F7xx_HAL_Driver/Src/stm32f7xx_hal_can.o
 .ARM.attributes
                0x00000000000001ab       0x34 ./Drivers/STM32F7xx_HAL_Driver/Src/stm32f7xx_hal_cortex.o
 .ARM.attributes
                0x00000000000001df       0x34 ./Drivers/STM32F7xx_HAL_Driver/Src/stm32f7xx_hal_gpio.o
 .ARM.attributes
                0x0000000000000213       0x34 ./Drivers/STM32F7xx_HAL_Driver/Src/stm32f7xx_ll_gpio.o
 .ARM.attributes
                0x0000000000000247       0x34 ./Drivers/STM32F7xx_HAL_Driver/Src/stm32f7xx_ll_utils.o
 .ARM.attributes
                0x000000000000027b       0x34 C:/ST/STM32CubeIDE_1.10.1/STM32CubeIDE/plugins/com.st.stm32cube.ide.mcu.externaltools.gnu-tools-for-stm32.11.3.rel1.win32_1.1.100.202309141235/tools/bin/../lib/gcc/arm-none-eabi/11.3.1/../../../../arm-none-eabi/lib/thumb/v7e-m+fp/hard\libc_nano.a(libc_a-init.o)
 .ARM.attributes
                0x00000000000002af       0x1e C:/ST/STM32CubeIDE_1.10.1/STM32CubeIDE/plugins/com.st.stm32cube.ide.mcu.externaltools.gnu-tools-for-stm32.11.3.rel1.win32_1.1.100.202309141235/tools/bin/../lib/gcc/arm-none-eabi/11.3.1/thumb/v7e-m+fp/hard/crtn.o
OUTPUT(CAN_BUS_F7.elf elf32-littlearm)
LOAD linker stubs
LOAD C:/ST/STM32CubeIDE_1.10.1/STM32CubeIDE/plugins/com.st.stm32cube.ide.mcu.externaltools.gnu-tools-for-stm32.11.3.rel1.win32_1.1.100.202309141235/tools/bin/../lib/gcc/arm-none-eabi/11.3.1/../../../../arm-none-eabi/lib/thumb/v7e-m+fp/hard\libc.a
LOAD C:/ST/STM32CubeIDE_1.10.1/STM32CubeIDE/plugins/com.st.stm32cube.ide.mcu.externaltools.gnu-tools-for-stm32.11.3.rel1.win32_1.1.100.202309141235/tools/bin/../lib/gcc/arm-none-eabi/11.3.1/../../../../arm-none-eabi/lib/thumb/v7e-m+fp/hard\libm.a
LOAD C:/ST/STM32CubeIDE_1.10.1/STM32CubeIDE/plugins/com.st.stm32cube.ide.mcu.externaltools.gnu-tools-for-stm32.11.3.rel1.win32_1.1.100.202309141235/tools/bin/../lib/gcc/arm-none-eabi/11.3.1/thumb/v7e-m+fp/hard\libgcc.a

.comment        0x0000000000000000       0x43
 .comment       0x0000000000000000       0x43 C:/ST/STM32CubeIDE_1.10.1/STM32CubeIDE/plugins/com.st.stm32cube.ide.mcu.externaltools.gnu-tools-for-stm32.11.3.rel1.win32_1.1.100.202309141235/tools/bin/../lib/gcc/arm-none-eabi/11.3.1/thumb/v7e-m+fp/hard/crtbegin.o
                                         0x44 (size before relaxing)
 .comment       0x0000000000000043       0x44 ./Core/Src/main.o
 .comment       0x0000000000000043       0x44 ./Core/Src/stm32f7xx_hal_msp.o
 .comment       0x0000000000000043       0x44 ./Core/Src/stm32f7xx_it.o
 .comment       0x0000000000000043       0x44 ./Core/Src/system_stm32f7xx.o
 .comment       0x0000000000000043       0x44 ./Drivers/STM32F7xx_HAL_Driver/Src/stm32f7xx_hal.o
 .comment       0x0000000000000043       0x44 ./Drivers/STM32F7xx_HAL_Driver/Src/stm32f7xx_hal_can.o
 .comment       0x0000000000000043       0x44 ./Drivers/STM32F7xx_HAL_Driver/Src/stm32f7xx_hal_cortex.o
 .comment       0x0000000000000043       0x44 ./Drivers/STM32F7xx_HAL_Driver/Src/stm32f7xx_hal_gpio.o
 .comment       0x0000000000000043       0x44 ./Drivers/STM32F7xx_HAL_Driver/Src/stm32f7xx_ll_gpio.o
 .comment       0x0000000000000043       0x44 ./Drivers/STM32F7xx_HAL_Driver/Src/stm32f7xx_ll_utils.o

.debug_info     0x0000000000000000     0x6924
 .debug_info    0x0000000000000000     0x10a8 ./Core/Src/main.o
 .debug_info    0x00000000000010a8      0xb6b ./Core/Src/stm32f7xx_hal_msp.o
 .debug_info    0x0000000000001c13      0x56d ./Core/Src/stm32f7xx_it.o
 .debug_info    0x0000000000002180      0x6ed ./Core/Src/system_stm32f7xx.o
 .debug_info    0x000000000000286d       0x23 ./Core/Startup/startup_stm32f746nghx.o
 .debug_info    0x0000000000002890      0x9d8 ./Drivers/STM32F7xx_HAL_Driver/Src/stm32f7xx_hal.o
 .debug_info    0x0000000000003268      0xf1b ./Drivers/STM32F7xx_HAL_Driver/Src/stm32f7xx_hal_can.o
 .debug_info    0x0000000000004183      0xf49 ./Drivers/STM32F7xx_HAL_Driver/Src/stm32f7xx_hal_cortex.o
 .debug_info    0x00000000000050cc      0x6e7 ./Drivers/STM32F7xx_HAL_Driver/Src/stm32f7xx_hal_gpio.o
 .debug_info    0x00000000000057b3      0x7de ./Drivers/STM32F7xx_HAL_Driver/Src/stm32f7xx_ll_gpio.o
 .debug_info    0x0000000000005f91      0x993 ./Drivers/STM32F7xx_HAL_Driver/Src/stm32f7xx_ll_utils.o

.debug_abbrev   0x0000000000000000     0x160b
 .debug_abbrev  0x0000000000000000      0x347 ./Core/Src/main.o
 .debug_abbrev  0x0000000000000347      0x1ea ./Core/Src/stm32f7xx_hal_msp.o
 .debug_abbrev  0x0000000000000531      0x1bc ./Core/Src/stm32f7xx_it.o
 .debug_abbrev  0x00000000000006ed      0x13b ./Core/Src/system_stm32f7xx.o
 .debug_abbrev  0x0000000000000828       0x12 ./Core/Startup/startup_stm32f746nghx.o
 .debug_abbrev  0x000000000000083a      0x213 ./Drivers/STM32F7xx_HAL_Driver/Src/stm32f7xx_hal.o
 .debug_abbrev  0x0000000000000a4d      0x242 ./Drivers/STM32F7xx_HAL_Driver/Src/stm32f7xx_hal_can.o
 .debug_abbrev  0x0000000000000c8f      0x329 ./Drivers/STM32F7xx_HAL_Driver/Src/stm32f7xx_hal_cortex.o
 .debug_abbrev  0x0000000000000fb8      0x1d4 ./Drivers/STM32F7xx_HAL_Driver/Src/stm32f7xx_hal_gpio.o
 .debug_abbrev  0x000000000000118c      0x220 ./Drivers/STM32F7xx_HAL_Driver/Src/stm32f7xx_ll_gpio.o
 .debug_abbrev  0x00000000000013ac      0x25f ./Drivers/STM32F7xx_HAL_Driver/Src/stm32f7xx_ll_utils.o

.debug_aranges  0x0000000000000000      0x6e8
 .debug_aranges
                0x0000000000000000       0xe0 ./Core/Src/main.o
 .debug_aranges
                0x00000000000000e0       0x30 ./Core/Src/stm32f7xx_hal_msp.o
 .debug_aranges
                0x0000000000000110       0x68 ./Core/Src/stm32f7xx_it.o
 .debug_aranges
                0x0000000000000178       0x28 ./Core/Src/system_stm32f7xx.o
 .debug_aranges
                0x00000000000001a0       0x28 ./Core/Startup/startup_stm32f746nghx.o
 .debug_aranges
                0x00000000000001c8      0x100 ./Drivers/STM32F7xx_HAL_Driver/Src/stm32f7xx_hal.o
 .debug_aranges
                0x00000000000002c8      0x138 ./Drivers/STM32F7xx_HAL_Driver/Src/stm32f7xx_hal_can.o
 .debug_aranges
                0x0000000000000400      0x118 ./Drivers/STM32F7xx_HAL_Driver/Src/stm32f7xx_hal_cortex.o
 .debug_aranges
                0x0000000000000518       0x58 ./Drivers/STM32F7xx_HAL_Driver/Src/stm32f7xx_hal_gpio.o
 .debug_aranges
                0x0000000000000570       0x70 ./Drivers/STM32F7xx_HAL_Driver/Src/stm32f7xx_ll_gpio.o
 .debug_aranges
                0x00000000000005e0      0x108 ./Drivers/STM32F7xx_HAL_Driver/Src/stm32f7xx_ll_utils.o

.debug_rnglists
                0x0000000000000000      0x50d
 .debug_rnglists
                0x0000000000000000       0xa6 ./Core/Src/main.o
 .debug_rnglists
                0x00000000000000a6       0x20 ./Core/Src/stm32f7xx_hal_msp.o
 .debug_rnglists
                0x00000000000000c6       0x49 ./Core/Src/stm32f7xx_it.o
 .debug_rnglists
                0x000000000000010f       0x1a ./Core/Src/system_stm32f7xx.o
 .debug_rnglists
                0x0000000000000129       0x19 ./Core/Startup/startup_stm32f746nghx.o
 .debug_rnglists
                0x0000000000000142       0xbb ./Drivers/STM32F7xx_HAL_Driver/Src/stm32f7xx_hal.o
 .debug_rnglists
                0x00000000000001fd       0xee ./Drivers/STM32F7xx_HAL_Driver/Src/stm32f7xx_hal_can.o
 .debug_rnglists
                0x00000000000002eb       0xce ./Drivers/STM32F7xx_HAL_Driver/Src/stm32f7xx_hal_cortex.o
 .debug_rnglists
                0x00000000000003b9       0x3f ./Drivers/STM32F7xx_HAL_Driver/Src/stm32f7xx_hal_gpio.o
 .debug_rnglists
                0x00000000000003f8       0x51 ./Drivers/STM32F7xx_HAL_Driver/Src/stm32f7xx_ll_gpio.o
 .debug_rnglists
                0x0000000000000449       0xc4 ./Drivers/STM32F7xx_HAL_Driver/Src/stm32f7xx_ll_utils.o

.debug_macro    0x0000000000000000    0x25894
 .debug_macro   0x0000000000000000      0x224 ./Core/Src/main.o
 .debug_macro   0x0000000000000224      0xaae ./Core/Src/main.o
 .debug_macro   0x0000000000000cd2      0x28d ./Core/Src/main.o
 .debug_macro   0x0000000000000f5f       0x2e ./Core/Src/main.o
 .debug_macro   0x0000000000000f8d       0x3b ./Core/Src/main.o
 .debug_macro   0x0000000000000fc8       0x22 ./Core/Src/main.o
 .debug_macro   0x0000000000000fea       0x8e ./Core/Src/main.o
 .debug_macro   0x0000000000001078       0x51 ./Core/Src/main.o
 .debug_macro   0x00000000000010c9      0x103 ./Core/Src/main.o
 .debug_macro   0x00000000000011cc       0x6a ./Core/Src/main.o
 .debug_macro   0x0000000000001236      0x1df ./Core/Src/main.o
 .debug_macro   0x0000000000001415       0x1c ./Core/Src/main.o
 .debug_macro   0x0000000000001431       0x22 ./Core/Src/main.o
 .debug_macro   0x0000000000001453       0xd9 ./Core/Src/main.o
 .debug_macro   0x000000000000152c     0x12cd ./Core/Src/main.o
 .debug_macro   0x00000000000027f9      0x11f ./Core/Src/main.o
 .debug_macro   0x0000000000002918       0x19 ./Core/Src/main.o
 .debug_macro   0x0000000000002931    0x1920a ./Core/Src/main.o
 .debug_macro   0x000000000001bb3b       0x6d ./Core/Src/main.o
 .debug_macro   0x000000000001bba8     0x3749 ./Core/Src/main.o
 .debug_macro   0x000000000001f2f1      0x174 ./Core/Src/main.o
 .debug_macro   0x000000000001f465       0x63 ./Core/Src/main.o
 .debug_macro   0x000000000001f4c8     0x18ad ./Core/Src/main.o
 .debug_macro   0x0000000000020d75      0x6c4 ./Core/Src/main.o
 .debug_macro   0x0000000000021439      0x185 ./Core/Src/main.o
 .debug_macro   0x00000000000215be      0x115 ./Core/Src/main.o
 .debug_macro   0x00000000000216d3      0x1fd ./Core/Src/main.o
 .debug_macro   0x00000000000218d0       0xa5 ./Core/Src/main.o
 .debug_macro   0x0000000000021975      0x24f ./Core/Src/main.o
 .debug_macro   0x0000000000021bc4       0x41 ./Core/Src/main.o
 .debug_macro   0x0000000000021c05       0x58 ./Core/Src/main.o
 .debug_macro   0x0000000000021c5d      0x236 ./Core/Src/main.o
 .debug_macro   0x0000000000021e93      0x40f ./Core/Src/main.o
 .debug_macro   0x00000000000222a2      0x14e ./Core/Src/main.o
 .debug_macro   0x00000000000223f0      0x25a ./Core/Src/main.o
 .debug_macro   0x000000000002264a       0x12 ./Core/Src/main.o
 .debug_macro   0x000000000002265c      0x22c ./Core/Src/main.o
 .debug_macro   0x0000000000022888       0x61 ./Core/Src/main.o
 .debug_macro   0x00000000000228e9       0xa5 ./Core/Src/main.o
 .debug_macro   0x000000000002298e      0x12e ./Core/Src/main.o
 .debug_macro   0x0000000000022abc      0x108 ./Core/Src/main.o
 .debug_macro   0x0000000000022bc4       0x35 ./Core/Src/main.o
 .debug_macro   0x0000000000022bf9      0x14d ./Core/Src/main.o
 .debug_macro   0x0000000000022d46      0xb85 ./Core/Src/main.o
 .debug_macro   0x00000000000238cb      0x246 ./Core/Src/main.o
 .debug_macro   0x0000000000023b11      0x251 ./Core/Src/main.o
 .debug_macro   0x0000000000023d62       0xee ./Core/Src/main.o
 .debug_macro   0x0000000000023e50      0x1a6 ./Core/Src/main.o
 .debug_macro   0x0000000000023ff6       0x61 ./Core/Src/main.o
 .debug_macro   0x0000000000024057      0x12f ./Core/Src/main.o
 .debug_macro   0x0000000000024186      0x1e6 ./Core/Src/main.o
 .debug_macro   0x000000000002436c      0x149 ./Core/Src/main.o
 .debug_macro   0x00000000000244b5       0x10 ./Core/Src/main.o
 .debug_macro   0x00000000000244c5      0x224 ./Core/Src/stm32f7xx_hal_msp.o
 .debug_macro   0x00000000000246e9      0x22e ./Core/Src/stm32f7xx_it.o
 .debug_macro   0x0000000000024917      0x1c4 ./Core/Src/system_stm32f7xx.o
 .debug_macro   0x0000000000024adb      0x1e8 ./Drivers/STM32F7xx_HAL_Driver/Src/stm32f7xx_hal.o
 .debug_macro   0x0000000000024cc3      0x1cc ./Drivers/STM32F7xx_HAL_Driver/Src/stm32f7xx_hal_can.o
 .debug_macro   0x0000000000024e8f      0x1c4 ./Drivers/STM32F7xx_HAL_Driver/Src/stm32f7xx_hal_cortex.o
 .debug_macro   0x0000000000025053      0x1ca ./Drivers/STM32F7xx_HAL_Driver/Src/stm32f7xx_hal_gpio.o
 .debug_macro   0x000000000002521d      0x206 ./Drivers/STM32F7xx_HAL_Driver/Src/stm32f7xx_ll_gpio.o
 .debug_macro   0x0000000000025423      0x143 ./Drivers/STM32F7xx_HAL_Driver/Src/stm32f7xx_ll_gpio.o
 .debug_macro   0x0000000000025566      0x2d3 ./Drivers/STM32F7xx_HAL_Driver/Src/stm32f7xx_ll_utils.o
 .debug_macro   0x0000000000025839       0x5b ./Drivers/STM32F7xx_HAL_Driver/Src/stm32f7xx_ll_utils.o

.debug_line     0x0000000000000000     0x701f
 .debug_line    0x0000000000000000      0xbfa ./Core/Src/main.o
 .debug_line    0x0000000000000bfa      0x85d ./Core/Src/stm32f7xx_hal_msp.o
 .debug_line    0x0000000000001457      0x8d7 ./Core/Src/stm32f7xx_it.o
 .debug_line    0x0000000000001d2e      0x7ac ./Core/Src/system_stm32f7xx.o
 .debug_line    0x00000000000024da       0x7a ./Core/Startup/startup_stm32f746nghx.o
 .debug_line    0x0000000000002554      0xa3d ./Drivers/STM32F7xx_HAL_Driver/Src/stm32f7xx_hal.o
 .debug_line    0x0000000000002f91     0x1177 ./Drivers/STM32F7xx_HAL_Driver/Src/stm32f7xx_hal_can.o
 .debug_line    0x0000000000004108      0xcc3 ./Drivers/STM32F7xx_HAL_Driver/Src/stm32f7xx_hal_cortex.o
 .debug_line    0x0000000000004dcb      0xbb1 ./Drivers/STM32F7xx_HAL_Driver/Src/stm32f7xx_hal_gpio.o
 .debug_line    0x000000000000597c      0xa09 ./Drivers/STM32F7xx_HAL_Driver/Src/stm32f7xx_ll_gpio.o
 .debug_line    0x0000000000006385      0xc9a ./Drivers/STM32F7xx_HAL_Driver/Src/stm32f7xx_ll_utils.o

.debug_str      0x0000000000000000    0xed4d8
 .debug_str     0x0000000000000000    0xea2f5 ./Core/Src/main.o
                                      0xeb30c (size before relaxing)
 .debug_str     0x00000000000ea2f5      0x640 ./Core/Src/stm32f7xx_hal_msp.o
                                      0xeb30e (size before relaxing)
 .debug_str     0x00000000000ea935       0xf0 ./Core/Src/stm32f7xx_it.o
                                      0xeac4a (size before relaxing)
 .debug_str     0x00000000000eaa25      0x194 ./Core/Src/system_stm32f7xx.o
                                      0xdd9ff (size before relaxing)
 .debug_str     0x00000000000eabb9       0x34 ./Core/Startup/startup_stm32f746nghx.o
                                         0x72 (size before relaxing)
 .debug_str     0x00000000000eabed      0x3ff ./Drivers/STM32F7xx_HAL_Driver/Src/stm32f7xx_hal.o
                                      0xde368 (size before relaxing)
 .debug_str     0x00000000000eafec      0x3df ./Drivers/STM32F7xx_HAL_Driver/Src/stm32f7xx_hal_can.o
                                      0xde005 (size before relaxing)
 .debug_str     0x00000000000eb3cb      0x27b ./Drivers/STM32F7xx_HAL_Driver/Src/stm32f7xx_hal_cortex.o
                                      0xde353 (size before relaxing)
 .debug_str     0x00000000000eb646       0xf1 ./Drivers/STM32F7xx_HAL_Driver/Src/stm32f7xx_hal_gpio.o
                                      0xddabd (size before relaxing)
 .debug_str     0x00000000000eb737      0x650 ./Drivers/STM32F7xx_HAL_Driver/Src/stm32f7xx_ll_gpio.o
                                      0xdf634 (size before relaxing)
 .debug_str     0x00000000000ebd87     0x1751 ./Drivers/STM32F7xx_HAL_Driver/Src/stm32f7xx_ll_utils.o
                                      0xe8437 (size before relaxing)

.debug_frame    0x0000000000000000     0x1ad8
 .debug_frame   0x0000000000000000      0x384 ./Core/Src/main.o
 .debug_frame   0x0000000000000384       0x80 ./Core/Src/stm32f7xx_hal_msp.o
 .debug_frame   0x0000000000000404      0x120 ./Core/Src/stm32f7xx_it.o
 .debug_frame   0x0000000000000524       0x58 ./Core/Src/system_stm32f7xx.o
 .debug_frame   0x000000000000057c      0x3b4 ./Drivers/STM32F7xx_HAL_Driver/Src/stm32f7xx_hal.o
 .debug_frame   0x0000000000000930      0x5a0 ./Drivers/STM32F7xx_HAL_Driver/Src/stm32f7xx_hal_can.o
 .debug_frame   0x0000000000000ed0      0x498 ./Drivers/STM32F7xx_HAL_Driver/Src/stm32f7xx_hal_cortex.o
 .debug_frame   0x0000000000001368      0x14c ./Drivers/STM32F7xx_HAL_Driver/Src/stm32f7xx_hal_gpio.o
 .debug_frame   0x00000000000014b4      0x1c0 ./Drivers/STM32F7xx_HAL_Driver/Src/stm32f7xx_ll_gpio.o
 .debug_frame   0x0000000000001674      0x438 ./Drivers/STM32F7xx_HAL_Driver/Src/stm32f7xx_ll_utils.o
 .debug_frame   0x0000000000001aac       0x2c C:/ST/STM32CubeIDE_1.10.1/STM32CubeIDE/plugins/com.st.stm32cube.ide.mcu.externaltools.gnu-tools-for-stm32.11.3.rel1.win32_1.1.100.202309141235/tools/bin/../lib/gcc/arm-none-eabi/11.3.1/../../../../arm-none-eabi/lib/thumb/v7e-m+fp/hard\libc_nano.a(libc_a-init.o)

.debug_line_str
                0x0000000000000000       0x66
 .debug_line_str
                0x0000000000000000       0x66 ./Core/Startup/startup_stm32f746nghx.o
                                         0x7e (size before relaxing)
